  File: /home/user1
  Size: 114       	Blocks: 0          IO Block: 4096   directory
Device: 253,3	Inode: 32506397    Links: 2
Access: (0700/drwx------)  Uid: ( 1234/   user1)   Gid: ( 1234/   user1)
Access: 2026-10-05 20:37:07.580365273 +0300
Modify: 2026-10-05 23:13:42.929414942 +0300
Change: 2026-10-05 23:13:42.929414942 +0300
 Birth: 2026-10-05 20:21:28.189644412 +0300
  File: ./cat
  Size: 40696     	Blocks: 80         IO Block: 4096   regular file
Device: 253,3	Inode: 33555116    Links: 1
Access: (4755/-rwsr-xr-x)  Uid: (    0/    root)   Gid: (    0/    root)
Access: 2026-10-05 21:49:18.706848049 +0300
Modify: 2026-10-05 21:43:30.168531095 +0300
Change: 2026-10-05 21:47:56.569125829 +0300
 Birth: 2026-10-05 21:43:30.168531095 +0300
  File: ./chown
  Size: 69984     	Blocks: 144        IO Block: 4096   regular file
Device: 253,3	Inode: 33555117    Links: 1
Access: (0755/-rwxr-xr-x)  Uid: (    0/    root)   Gid: (    0/    root)
Access: 2026-10-05 22:50:46.068479150 +0300
Modify: 2026-10-05 21:57:17.710876098 +0300
Change: 2026-10-05 22:49:56.246430092 +0300
 Birth: 2026-10-05 21:57:17.710876098 +0300
